Archive member included to satisfy reference by file (symbol)

c:/ac6/systemworkbench/plugins/fr.ac6.mcu.externaltools.arm-none.win32_1.13.2.201703061525/tools/compiler/bin/../lib/gcc/arm-none-eabi/5.4.1/../../../../arm-none-eabi/lib/armv7e-m/fpu\libc_nano.a(lib_a-exit.o)
                              c:/ac6/systemworkbench/plugins/fr.ac6.mcu.externaltools.arm-none.win32_1.13.2.201703061525/tools/compiler/bin/../lib/gcc/arm-none-eabi/5.4.1/../../../../arm-none-eabi/lib/armv7e-m/fpu/crt0.o (exit)
c:/ac6/systemworkbench/plugins/fr.ac6.mcu.externaltools.arm-none.win32_1.13.2.201703061525/tools/compiler/bin/../lib/gcc/arm-none-eabi/5.4.1/../../../../arm-none-eabi/lib/armv7e-m/fpu\libc_nano.a(lib_a-impure.o)
                              c:/ac6/systemworkbench/plugins/fr.ac6.mcu.externaltools.arm-none.win32_1.13.2.201703061525/tools/compiler/bin/../lib/gcc/arm-none-eabi/5.4.1/../../../../arm-none-eabi/lib/armv7e-m/fpu\libc_nano.a(lib_a-exit.o) (_global_impure_ptr)
c:/ac6/systemworkbench/plugins/fr.ac6.mcu.externaltools.arm-none.win32_1.13.2.201703061525/tools/compiler/bin/../lib/gcc/arm-none-eabi/5.4.1/../../../../arm-none-eabi/lib/armv7e-m/fpu\libc_nano.a(lib_a-init.o)
                              c:/ac6/systemworkbench/plugins/fr.ac6.mcu.externaltools.arm-none.win32_1.13.2.201703061525/tools/compiler/bin/../lib/gcc/arm-none-eabi/5.4.1/../../../../arm-none-eabi/lib/armv7e-m/fpu/crt0.o (__libc_init_array)
c:/ac6/systemworkbench/plugins/fr.ac6.mcu.externaltools.arm-none.win32_1.13.2.201703061525/tools/compiler/bin/../lib/gcc/arm-none-eabi/5.4.1/../../../../arm-none-eabi/lib/armv7e-m/fpu\libc_nano.a(lib_a-itoa.o)
                              Src/lcd5110.o (itoa)
c:/ac6/systemworkbench/plugins/fr.ac6.mcu.externaltools.arm-none.win32_1.13.2.201703061525/tools/compiler/bin/../lib/gcc/arm-none-eabi/5.4.1/../../../../arm-none-eabi/lib/armv7e-m/fpu\libc_nano.a(lib_a-locale.o)
                              Src/lcd5110.o (__locale_ctype_ptr)
c:/ac6/systemworkbench/plugins/fr.ac6.mcu.externaltools.arm-none.win32_1.13.2.201703061525/tools/compiler/bin/../lib/gcc/arm-none-eabi/5.4.1/../../../../arm-none-eabi/lib/armv7e-m/fpu\libc_nano.a(lib_a-mbtowc_r.o)
                              c:/ac6/systemworkbench/plugins/fr.ac6.mcu.externaltools.arm-none.win32_1.13.2.201703061525/tools/compiler/bin/../lib/gcc/arm-none-eabi/5.4.1/../../../../arm-none-eabi/lib/armv7e-m/fpu\libc_nano.a(lib_a-locale.o) (__ascii_mbtowc)
c:/ac6/systemworkbench/plugins/fr.ac6.mcu.externaltools.arm-none.win32_1.13.2.201703061525/tools/compiler/bin/../lib/gcc/arm-none-eabi/5.4.1/../../../../arm-none-eabi/lib/armv7e-m/fpu\libc_nano.a(lib_a-memset.o)
                              c:/ac6/systemworkbench/plugins/fr.ac6.mcu.externaltools.arm-none.win32_1.13.2.201703061525/tools/compiler/bin/../lib/gcc/arm-none-eabi/5.4.1/../../../../arm-none-eabi/lib/armv7e-m/fpu/crt0.o (memset)
c:/ac6/systemworkbench/plugins/fr.ac6.mcu.externaltools.arm-none.win32_1.13.2.201703061525/tools/compiler/bin/../lib/gcc/arm-none-eabi/5.4.1/../../../../arm-none-eabi/lib/armv7e-m/fpu\libc_nano.a(lib_a-strcmp.o)
                              c:/ac6/systemworkbench/plugins/fr.ac6.mcu.externaltools.arm-none.win32_1.13.2.201703061525/tools/compiler/bin/../lib/gcc/arm-none-eabi/5.4.1/../../../../arm-none-eabi/lib/armv7e-m/fpu\libc_nano.a(lib_a-locale.o) (strcmp)
c:/ac6/systemworkbench/plugins/fr.ac6.mcu.externaltools.arm-none.win32_1.13.2.201703061525/tools/compiler/bin/../lib/gcc/arm-none-eabi/5.4.1/../../../../arm-none-eabi/lib/armv7e-m/fpu\libc_nano.a(lib_a-utoa.o)
                              c:/ac6/systemworkbench/plugins/fr.ac6.mcu.externaltools.arm-none.win32_1.13.2.201703061525/tools/compiler/bin/../lib/gcc/arm-none-eabi/5.4.1/../../../../arm-none-eabi/lib/armv7e-m/fpu\libc_nano.a(lib_a-itoa.o) (__utoa)
c:/ac6/systemworkbench/plugins/fr.ac6.mcu.externaltools.arm-none.win32_1.13.2.201703061525/tools/compiler/bin/../lib/gcc/arm-none-eabi/5.4.1/../../../../arm-none-eabi/lib/armv7e-m/fpu\libc_nano.a(lib_a-vsnprintf.o)
                              Src/lcd5110.o (vsnprintf)
c:/ac6/systemworkbench/plugins/fr.ac6.mcu.externaltools.arm-none.win32_1.13.2.201703061525/tools/compiler/bin/../lib/gcc/arm-none-eabi/5.4.1/../../../../arm-none-eabi/lib/armv7e-m/fpu\libc_nano.a(lib_a-wctomb_r.o)
                              c:/ac6/systemworkbench/plugins/fr.ac6.mcu.externaltools.arm-none.win32_1.13.2.201703061525/tools/compiler/bin/../lib/gcc/arm-none-eabi/5.4.1/../../../../arm-none-eabi/lib/armv7e-m/fpu\libc_nano.a(lib_a-locale.o) (__ascii_wctomb)
c:/ac6/systemworkbench/plugins/fr.ac6.mcu.externaltools.arm-none.win32_1.13.2.201703061525/tools/compiler/bin/../lib/gcc/arm-none-eabi/5.4.1/../../../../arm-none-eabi/lib/armv7e-m/fpu\libc_nano.a(lib_a-ctype_.o)
[...]
Memory Configuration

Name             Origin             Length             Attributes
RAM              0x20000000         0x0000a000         xrw
CCMRAM           0x10000000         0x00002000         rw
FLASH            0x08000000         0x00040000         xr
*default*        0x00000000         0xffffffff

Linker script and memory map

LOAD c:/ac6/systemworkbench/plugins/fr.ac6.mcu.externaltools.arm-none.win32_1.13.2.201703061525/tools/compiler/bin/../lib/gcc/arm-none-eabi/5.4.1/armv7e-m/fpu/crti.o
LOAD c:/ac6/systemworkbench/plugins/fr.ac6.mcu.externaltools.arm-none.win32_1.13.2.201703061525/tools/compiler/bin/../lib/gcc/arm-none-eabi/5.4.1/armv7e-m/fpu/crtbegin.o
LOAD c:/ac6/systemworkbench/plugins/fr.ac6.mcu.externaltools.arm-none.win32_1.13.2.201703061525/tools/compiler/bin/../lib/gcc/arm-none-eabi/5.4.1/../../../../arm-none-eabi/lib/armv7e-m/fpu/crt0.o
LOAD c:/ac6/systemworkbench/plugins/fr.ac6.mcu.externaltools.arm-none.win32_1.13.2.201703061525/tools/compiler/bin/../lib/gcc/arm-none-eabi/5.4.1/../../../../arm-none-eabi/lib/armv7e-m/fpu\libm.a
LOAD Drivers/STM32F3xx_HAL_Driver/Src/stm32f3xx_hal.o
LOAD Drivers/STM32F3xx_HAL_Driver/Src/stm32f3xx_hal_cortex.o
LOAD Drivers/STM32F3xx_HAL_Driver/Src/stm32f3xx_hal_dma.o
LOAD Drivers/STM32F3xx_HAL_Driver/Src/stm32f3xx_hal_flash.o
LOAD Drivers/STM32F3xx_HAL_Driver/Src/stm32f3xx_hal_flash_ex.o
LOAD Drivers/STM32F3xx_HAL_Driver/Src/stm32f3xx_hal_gpio.o
LOAD Drivers/STM32F3xx_HAL_Driver/Src/stm32f3xx_hal_i2c.o
LOAD Drivers/STM32F3xx_HAL_Driver/Src/stm32f3xx_hal_i2c_ex.o
LOAD Drivers/STM32F3xx_HAL_Driver/Src/stm32f3xx_hal_pwr.o
LOAD Drivers/STM32F3xx_HAL_Driver/Src/stm32f3xx_hal_pwr_ex.o
LOAD Drivers/STM32F3xx_HAL_Driver/Src/stm32f3xx_hal_rcc.o
LOAD Drivers/STM32F3xx_HAL_Driver/Src/stm32f3xx_hal_rcc_ex.o
LOAD Drivers/STM32F3xx_HAL_Driver/Src/stm32f3xx_hal_spi.o
LOAD Drivers/STM32F3xx_HAL_Driver/Src/stm32f3xx_hal_spi_ex.o
LOAD Drivers/STM32F3xx_HAL_Driver/Src/stm32f3xx_hal_tim.o
LOAD Drivers/STM32F3xx_HAL_Driver/Src/stm32f3xx_hal_tim_ex.o
LOAD Src/gpio.o
LOAD Src/i2c.o
LOAD Src/lcd5110.o
LOAD Src/lcd5110_hal.o
LOAD Src/lcd5110_ll.o
LOAD Src/main.o
LOAD Src/spi.o
LOAD Src/stm32f3xx_hal_msp.o
LOAD Src/stm32f3xx_it.o
LOAD Src/system_stm32f3xx.o
LOAD startup/startup_stm32f303xc.o
START GROUP
LOAD c:/ac6/systemworkbench/plugins/fr.ac6.mcu.externaltools.arm-none.win32_1.13.2.201703061525/tools/compiler/bin/../lib/gcc/arm-none-eabi/5.4.1/armv7e-m/fpu\libgcc.a
LOAD c:/ac6/systemworkbench/plugins/fr.ac6.mcu.externaltools.arm-none.win32_1.13.2.201703061525/tools/compiler/bin/../lib/gcc/arm-none-eabi/5.4.1/../../../../arm-none-eabi/lib/armv7e-m/fpu\libc_nano.a
END GROUP
START GROUP
LOAD c:/ac6/systemworkbench/plugins/fr.ac6.mcu.externaltools.arm-none.win32_1.13.2.201703061525/tools/compiler/bin/../lib/gcc/arm-none-eabi/5.4.1/armv7e-m/fpu\libgcc.a
LOAD c:/ac6/systemworkbench/plugins/fr.ac6.mcu.externaltools.arm-none.win32_1.13.2.201703061525/tools/compiler/bin/../lib/gcc/arm-none-eabi/5.4.1/../../../../arm-none-eabi/lib/armv7e-m/fpu\libc_nano.a
LOAD c:/ac6/systemworkbench/plugins/fr.ac6.mcu.externaltools.arm-none.win32_1.13.2.201703061525/tools/compiler/bin/../lib/gcc/arm-none-eabi/5.4.1/../../../../arm-none-eabi/lib/armv7e-m/fpu\libnosys.a
END GROUP
START GROUP
LOAD c:/ac6/systemworkbench/plugins/fr.ac6.mcu.externaltools.arm-none.win32_1.13.2.201703061525/tools/compiler/bin/../lib/gcc/arm-none-eabi/5.4.1/armv7e-m/fpu\libgcc.a
LOAD c:/ac6/systemworkbench/plugins/fr.ac6.mcu.externaltools.arm-none.win32_1.13.2.201703061525/tools/compiler/bin/../lib/gcc/arm-none-eabi/5.4.1/../../../../arm-none-eabi/lib/armv7e-m/fpu\libc_nano.a
LOAD c:/ac6/systemworkbench/plugins/fr.ac6.mcu.externaltools.arm-none.win32_1.13.2.201703061525/tools/compiler/bin/../lib/gcc/arm-none-eabi/5.4.1/../../../../arm-none-eabi/lib/armv7e-m/fpu\libnosys.a
END GROUP
LOAD c:/ac6/systemworkbench/plugins/fr.ac6.mcu.externaltools.arm-none.win32_1.13.2.201703061525/tools/compiler/bin/../lib/gcc/arm-none-eabi/5.4.1/armv7e-m/fpu/crtend.o
LOAD c:/ac6/systemworkbench/plugins/fr.ac6.mcu.externaltools.arm-none.win32_1.13.2.201703061525/tools/compiler/bin/../lib/gcc/arm-none-eabi/5.4.1/armv7e-m/fpu/crtn.o
                0x2000a000                _estack = 0x2000a000
                0x00000200                _Min_Heap_Size = 0x200
                0x00000400                _Min_Stack_Size = 0x400

.isr_vector     0x08000000      0x188
                0x08000000                . = ALIGN (0x4)
 *(.isr_vector)
 .isr_vector    0x08000000      0x188 startup/startup_stm32f303xc.o
                0x08000000                g_pfnVectors
                0x08000188                . = ALIGN (0x4)

.text           0x08000188     0x3b70
                0x08000188                . = ALIGN (0x4)
 *(.text)
 .text          0x08000188       0x5c c:/ac6/systemworkbench/plugins/fr.ac6.mcu.externaltools.arm-none.win32_1.13.2.201703061525/tools/compiler/bin/../lib/gcc/arm-none-eabi/5.4.1/armv7e-m/fpu/crtbegin.o
 *(.text*)
 .text.HAL_InitTick
                0x080001e4       0x2c Drivers/STM32F3xx_HAL_Driver/Src/stm32f3xx_hal.o
                0x080001e4                HAL_InitTick
 .text.HAL_Init
                0x08000210       0x24 Drivers/STM32F3xx_HAL_Driver/Src/stm32f3xx_hal.o
                0x08000210                HAL_Init
 .text.HAL_IncTick
                0x08000234       0x10 Drivers/STM32F3xx_HAL_Driver/Src/stm32f3xx_hal.o
                0x08000234                HAL_IncTick
 .text.HAL_GetTick
                0x08000244        0xc Drivers/STM32F3xx_HAL_Driver/Src/stm32f3xx_hal.o
                0x08000244                HAL_GetTick
 .text.HAL_Delay
                0x08000250       0x1c Drivers/STM32F3xx_HAL_Driver/Src/stm32f3xx_hal.o
                0x08000250                HAL_Delay
 .text.HAL_NVIC_SetPriorityGrouping
                0x0800026c       0x3c Drivers/STM32F3xx_HAL_Driver/Src/stm32f3xx_hal_cortex.o
                0x0800026c                HAL_NVIC_SetPriorityGrouping
 .text.HAL_NVIC_SetPriority
                0x080002a8       0x84 Drivers/STM32F3xx_HAL_Driver/Src/stm32f3xx_hal_cortex.o
                0x080002a8                HAL_NVIC_SetPriority
 .text.HAL_SYSTICK_Config
                0x0800032c       0x2c Drivers/STM32F3xx_HAL_Driver/Src/stm32f3xx_hal_cortex.o
                0x0800032c                HAL_SYSTICK_Config
 .text.HAL_SYSTICK_CLKSourceConfig
                0x08000358       0x38 Drivers/STM32F3xx_HAL_Driver/Src/stm32f3xx_hal_cortex.o
                0x08000358                HAL_SYSTICK_CLKSourceConfig
 .text.HAL_SYSTICK_Callback
                0x08000390        0x4 Drivers/STM32F3xx_HAL_Driver/Src/stm32f3xx_hal_cortex.o
                0x08000390                HAL_SYSTICK_Callback
 .text.HAL_SYSTICK_IRQHandler
                0x08000394        0x8 Drivers/STM32F3xx_HAL_Driver/Src/stm32f3xx_hal_cortex.o
                0x08000394                HAL_SYSTICK_IRQHandler
 .text.HAL_GPIO_Init
                0x0800039c      0x2b0 Drivers/STM32F3xx_HAL_Driver/Src/stm32f3xx_hal_gpio.o
                0x0800039c                HAL_GPIO_Init
 .text.HAL_GPIO_ReadPin
                0x0800064c       0x24 Drivers/STM32F3xx_HAL_Driver/Src/stm32f3xx_hal_gpio.o
                0x0800064c                HAL_GPIO_ReadPin
 .text.HAL_GPIO_WritePin
                0x08000670       0x30 Drivers/STM32F3xx_HAL_Driver/Src/stm32f3xx_hal_gpio.o
                0x08000670                HAL_GPIO_WritePin
 .text.HAL_I2C_Init
                0x080006a0      0x164 Drivers/STM32F3xx_HAL_Driver/Src/stm32f3xx_hal_i2c.o
                0x080006a0                HAL_I2C_Init
 .text.HAL_I2CEx_ConfigAnalogFilter
                0x08000804       0x90 Drivers/STM32F3xx_HAL_Driver/Src/stm32f3xx_hal_i2c_ex.o
                0x08000804                HAL_I2CEx_ConfigAnalogFilter
 .text.HAL_I2CEx_ConfigDigitalFilter
                0x08000894       0x88 Drivers/STM32F3xx_HAL_Driver/Src/stm32f3xx_hal_i2c_ex.o
                0x08000894                HAL_I2CEx_ConfigDigitalFilter
 .text.HAL_RCC_OscConfig
                0x0800091c      0x734 Drivers/STM32F3xx_HAL_Driver/Src/stm32f3xx_hal_rcc.o
                0x0800091c                HAL_RCC_OscConfig
 .text.HAL_RCC_GetSysClockFreq
                0x08001050       0x74 Drivers/STM32F3xx_HAL_Driver/Src/stm32f3xx_hal_rcc.o
                0x08001050                HAL_RCC_GetSysClockFreq
 .text.HAL_RCC_ClockConfig
                0x080010c4      0x2a4 Drivers/STM32F3xx_HAL_Driver/Src/stm32f3xx_hal_rcc.o
                0x080010c4                HAL_RCC_ClockConfig
 .text.HAL_RCC_GetHCLKFreq
                0x08001368        0xc Drivers/STM32F3xx_HAL_Driver/Src/stm32f3xx_hal_rcc.o
                0x08001368                HAL_RCC_GetHCLKFreq
 .text.HAL_RCCEx_PeriphCLKConfig
                0x08001374      0x450 Drivers/STM32F3xx_HAL_Driver/Src/stm32f3xx_hal_rcc_ex.o
                0x08001374                HAL_RCCEx_PeriphCLKConfig
 .text.SPI_WaitFifoStateUntilTimeout
                0x080017c4       0x9c Drivers/STM32F3xx_HAL_Driver/Src/stm32f3xx_hal_spi.o
 .text.SPI_WaitFlagStateUntilTimeout
                0x08001860       0x90 Drivers/STM32F3xx_HAL_Driver/Src/stm32f3xx_hal_spi.o
 .text.SPI_EndRxTxTransaction
                0x080018f0       0x48 Drivers/STM32F3xx_HAL_Driver/Src/stm32f3xx_hal_spi.o
 .text.HAL_SPI_Init
                0x08001938      0x214 Drivers/STM32F3xx_HAL_Driver/Src/stm32f3xx_hal_spi.o
                0x08001938                HAL_SPI_Init
 .text.HAL_SPI_Transmit
                0x08001b4c      0x1e8 Drivers/STM32F3xx_HAL_Driver/Src/stm32f3xx_hal_spi.o
                0x08001b4c                HAL_SPI_Transmit
 .text.MX_GPIO_Init
                0x08001d34      0x11c Src/gpio.o
                0x08001d34                MX_GPIO_Init
 .text.MX_I2C2_Init
                0x08001e50       0x64 Src/i2c.o
                0x08001e50                MX_I2C2_Init
 .text.HAL_I2C_MspInit
                0x08001eb4       0x50 Src/i2c.o
                0x08001eb4                HAL_I2C_MspInit
 .text.LCD5110_wputchar
                0x08001f04       0x60 Src/lcd5110.o
                0x08001f04                LCD5110_wputchar
 .text.LCD5110_wset_cursor
                0x08001f64        0x8 Src/lcd5110.o
                0x08001f64                LCD5110_wset_cursor
 .text.LCD5110_wendl
                0x08001f6c       0x18 Src/lcd5110.o
                0x08001f6c                LCD5110_wendl
 .text.LCD5110_wprint
                0x08001f84       0x78 Src/lcd5110.o
                0x08001f84                LCD5110_wprint
 .text.LCD5110_clrscr
                0x08001ffc       0x14 Src/lcd5110_hal.o
                0x08001ffc                LCD5110_clrscr
 .text.LCD5110_putpix
                0x08002010       0x40 Src/lcd5110_hal.o
                0x08002010                LCD5110_putpix
 .text.LCD5110_drawBitmap
                0x08002050       0x70 Src/lcd5110_hal.o
                0x08002050                LCD5110_drawBitmap
 .text.LCD5110_set_function
                0x080020c0       0x30 Src/lcd5110_ll.o
 .text.LCD5110_set_mode_base
                0x080020f0       0x28 Src/lcd5110_ll.o
 .text.LCD5110_set_temp_coef_ext
                0x08002118       0x2c Src/lcd5110_ll.o
 .text.LCD5110_set_bias_ext
                0x08002144       0x2c Src/lcd5110_ll.o
 .text.LCD5110_set_voltage_ext
                0x08002170       0x30 Src/lcd5110_ll.o
 .text.LCD5110_init
                0x080021a0       0x88 Src/lcd5110_ll.o
                0x080021a0                LCD5110_init
 .text.LCD5110_refresh_ll
                0x08002228       0x64 Src/lcd5110_ll.o
                0x08002228                LCD5110_refresh_ll
 .text.test_SN74HC157N
                0x0800228c       0xe4 Src/main.o
                0x0800228c                test_SN74HC157N
 .text.test_74LS138
                0x08002370      0x694 Src/main.o
                0x08002370                test_74LS138
 .text.test_74HC147
                0x08002a04      0x460 Src/main.o
                0x08002a04                test_74HC147
 .text.test_DM74LS281
                0x08002e64      0x5a0 Src/main.o
                0x08002e64                test_DM74LS281
 .text.draft_test
                0x08003404        0x4 Src/main.o
                0x08003404                draft_test
 .text._Error_Handler
                0x08003408        0x4 Src/main.o
                0x08003408                _Error_Handler
 .text.SystemClock_Config
                0x0800340c       0xa0 Src/main.o
                0x0800340c                SystemClock_Config
 .text.main     0x080034ac      0x558 Src/main.o
                0x080034ac                main
 .text.assert_failed
                0x08003a04        0x4 Src/main.o
                0x08003a04                assert_failed
 .text.MX_SPI2_Init
                0x08003a08       0x54 Src/spi.o
                0x08003a08                MX_SPI2_Init
 .text.HAL_SPI_MspInit
                0x08003a5c       0x68 Src/spi.o
                0x08003a5c                HAL_SPI_MspInit
 .text.HAL_MspInit
                0x08003ac4       0x7c Src/stm32f3xx_hal_msp.o
                0x08003ac4                HAL_MspInit
 .text.NMI_Handler
                0x08003b40        0x4 Src/stm32f3xx_it.o
                0x08003b40                NMI_Handler
 .text.HardFault_Handler
                0x08003b44        0x4 Src/stm32f3xx_it.o
                0x08003b44                HardFault_Handler
 .text.MemManage_Handler
                0x08003b48        0x4 Src/stm32f3xx_it.o
                0x08003b48                MemManage_Handler
 .text.BusFault_Handler
                0x08003b4c        0x4 Src/stm32f3xx_it.o
                0x08003b4c                BusFault_Handler
 .text.UsageFault_Handler
                0x08003b50        0x4 Src/stm32f3xx_it.o
                0x08003b50                UsageFault_Handler
 .text.SVC_Handler
                0x08003b54        0x4 Src/stm32f3xx_it.o
                0x08003b54                SVC_Handler
 .text.DebugMon_Handler
                0x08003b58        0x4 Src/stm32f3xx_it.o
                0x08003b58                DebugMon_Handler
 .text.PendSV_Handler
                0x08003b5c        0x4 Src/stm32f3xx_it.o
                0x08003b5c                PendSV_Handler
 .text.SysTick_Handler
                0x08003b60        0xc Src/stm32f3xx_it.o
                0x08003b60                SysTick_Handler
 .text.SystemInit
                0x08003b6c       0x68 Src/system_stm32f3xx.o
                0x08003b6c                SystemInit
 .text.Reset_Handler
                0x08003bd4       0x50 startup/startup_stm32f303xc.o
                0x08003bd4                Reset_Handler
 .text.Default_Handler
                0x08003c24        0x2 startup/startup_stm32f303xc.o
                0x08003c24                RTC_Alarm_IRQHandler
                0x08003c24                TIM8_TRG_COM_IRQHandler
                0x08003c24                TIM8_CC_IRQHandler
                0x08003c24                TIM1_CC_IRQHandler
                0x08003c24                USB_HP_IRQHandler
                0x08003c24                PVD_IRQHandler
                0x08003c24                TAMP_STAMP_IRQHandler
                0x08003c24                EXTI3_IRQHandler
                0x08003c24                USB_HP_CAN_TX_IRQHandler
                0x08003c24                EXTI0_IRQHandler
                0x08003c24                I2C2_EV_IRQHandler
                0x08003c24                FPU_IRQHandler
                0x08003c24                TIM1_UP_TIM16_IRQHandler
                0x08003c24                ADC1_2_IRQHandler
                0x08003c24                SPI1_IRQHandler
                0x08003c24                CAN_SCE_IRQHandler
                0x08003c24                TIM6_DAC_IRQHandler
                0x08003c24                TIM8_UP_IRQHandler
                0x08003c24                DMA2_Channel2_IRQHandler
                0x08003c24                DMA1_Channel4_IRQHandler
                0x08003c24                USART3_IRQHandler
                0x08003c24                DMA1_Channel7_IRQHandler
                0x08003c24                UART5_IRQHandler
                0x08003c24                ADC3_IRQHandler
                0x08003c24                TIM4_IRQHandler
                0x08003c24                CAN_RX1_IRQHandler
                0x08003c24                DMA2_Channel1_IRQHandler
                0x08003c24                I2C1_EV_IRQHandler
                0x08003c24                DMA1_Channel6_IRQHandler
                0x08003c24                UART4_IRQHandler
                0x08003c24                DMA2_Channel4_IRQHandler
                0x08003c24                TIM3_IRQHandler
                0x08003c24                RCC_IRQHandler
                0x08003c24                DMA1_Channel1_IRQHandler
                0x08003c24                Default_Handler
                0x08003c24                USBWakeUp_RMP_IRQHandler
                0x08003c24                EXTI15_10_IRQHandler
                0x08003c24                TIM7_IRQHandler
                0x08003c24                EXTI9_5_IRQHandler
                0x08003c24                RTC_WKUP_IRQHandler
                0x08003c24                SPI2_IRQHandler
                0x08003c24                USB_LP_CAN_RX0_IRQHandler
                0x08003c24                DMA2_Channel5_IRQHandler
                0x08003c24                DMA1_Channel5_IRQHandler
                0x08003c24                USB_LP_IRQHandler
                0x08003c24                EXTI4_IRQHandler
                0x08003c24                TIM1_TRG_COM_TIM17_IRQHandler
                0x08003c24                DMA1_Channel3_IRQHandler
                0x08003c24                ADC4_IRQHandler
                0x08003c24                WWDG_IRQHandler
                0x08003c24                TIM2_IRQHandler
                0x08003c24                COMP7_IRQHandler
                0x08003c24                COMP1_2_3_IRQHandler
                0x08003c24                EXTI1_IRQHandler
                0x08003c24                USART2_IRQHandler
                0x08003c24                COMP4_5_6_IRQHandler
                0x08003c24                I2C2_ER_IRQHandler
                0x08003c24                DMA1_Channel2_IRQHandler
                0x08003c24                TIM8_BRK_IRQHandler
                0x08003c24                FLASH_IRQHandler
                0x08003c24                USART1_IRQHandler
                0x08003c24                SPI3_IRQHandler
                0x08003c24                I2C1_ER_IRQHandler
                0x08003c24                USBWakeUp_IRQHandler
                0x08003c24                DMA2_Channel3_IRQHandler
                0x08003c24                EXTI2_TSC_IRQHandler
                0x08003c24                TIM1_BRK_TIM15_IRQHandler
 *fill*         0x08003c26        0x2 
 .text.__libc_init_array
                0x08003c28       0x4c c:/ac6/systemworkbench/plugins/fr.ac6.mcu.externaltools.arm-none.win32_1.13.2.201703061525/tools/compiler/bin/../lib/gcc/arm-none-eabi/5.4.1/../../../../arm-none-eabi/lib/armv7e-m/fpu\libc_nano.a(lib_a-init.o)
                0x08003c28                __libc_init_array
 .text.__get_current_locale
                0x08003c74       0x18 c:/ac6/systemworkbench/plugins/fr.ac6.mcu.externaltools.arm-none.win32_1.13.2.201703061525/tools/compiler/bin/../lib/gcc/arm-none-eabi/5.4.1/../../../../arm-none-eabi/lib/armv7e-m/fpu\libc_nano.a(lib_a-locale.o)
 .text.__locale_ctype_ptr
                0x08003c8c       0x14 c:/ac6/systemworkbench/plugins/fr.ac6.mcu.externaltools.arm-none.win32_1.13.2.201703061525/tools/compiler/bin/../lib/gcc/arm-none-eabi/5.4.1/../../../../arm-none-eabi/lib/armv7e-m/fpu\libc_nano.a(lib_a-locale.o)
                0x08003c8c                __locale_ctype_ptr
 .text.__ascii_mbtowc
                0x08003ca0       0x24 c:/ac6/systemworkbench/plugins/fr.ac6.mcu.externaltools.arm-none.win32_1.13.2.201703061525/tools/compiler/bin/../lib/gcc/arm-none-eabi/5.4.1/../../../../arm-none-eabi/lib/armv7e-m/fpu\libc_nano.a(lib_a-mbtowc_r.o)
                0x08003ca0                __ascii_mbtowc
 .text.__ascii_wctomb
                0x08003cc4       0x1a c:/ac6/systemworkbench/plugins/fr.ac6.mcu.externaltools.arm-none.win32_1.13.2.201703061525/tools/compiler/bin/../lib/gcc/arm-none-eabi/5.4.1/../../../../arm-none-eabi/lib/armv7e-m/fpu\libc_nano.a(lib_a-wctomb_r.o)
                0x08003cc4                __ascii_wctomb
 *(.glue_7)
 .glue_7        0x08003cde        0x0 linker stubs
 *(.glue_7t)
 .glue_7t       0x08003cde        0x0 linker stubs
 *(.eh_frame)
 *fill*         0x08003cde        0x2 
 .eh_frame      0x08003ce0        0x0 c:/ac6/systemworkbench/plugins/fr.ac6.mcu.externaltools.arm-none.win32_1.13.2.201703061525/tools/compiler/bin/../lib/gcc/arm-none-eabi/5.4.1/armv7e-m/fpu/crtbegin.o
 *(.init)
 .init          0x08003ce0        0x4 c:/ac6/systemworkbench/plugins/fr.ac6.mcu.externaltools.arm-none.win32_1.13.2.201703061525/tools/compiler/bin/../lib/gcc/arm-none-eabi/5.4.1/armv7e-m/fpu/crti.o
                0x08003ce0                _init
 .init          0x08003ce4        0x8 c:/ac6/systemworkbench/plugins/fr.ac6.mcu.externaltools.arm-none.win32_1.13.2.201703061525/tools/compiler/bin/../lib/gcc/arm-none-eabi/5.4.1/armv7e-m/fpu/crtn.o
 *(.fini)
 .fini          0x08003cec        0x4 c:/ac6/systemworkbench/plugins/fr.ac6.mcu.externaltools.arm-none.win32_1.13.2.201703061525/tools/compiler/bin/../lib/gcc/arm-none-eabi/5.4.1/armv7e-m/fpu/crti.o
                0x08003cec                _fini
 .fini          0x08003cf0        0x8 c:/ac6/systemworkbench/plugins/fr.ac6.mcu.externaltools.arm-none.win32_1.13.2.201703061525/tools/compiler/bin/../lib/gcc/arm-none-eabi/5.4.1/armv7e-m/fpu/crtn.o
                0x08003cf8                . = ALIGN (0x4)
                0x08003cf8                _etext = .

.vfp11_veneer   0x08003cf8        0x0
 .vfp11_veneer  0x08003cf8        0x0 linker stubs

.v4_bx          0x08003cf8        0x0
 .v4_bx         0x08003cf8        0x0 linker stubs

.iplt           0x08003cf8        0x0
 .iplt          0x08003cf8        0x0 c:/ac6/systemworkbench/plugins/fr.ac6.mcu.externaltools.arm-none.win32_1.13.2.201703061525/tools/compiler/bin/../lib/gcc/arm-none-eabi/5.4.1/armv7e-m/fpu/crtbegin.o

.rodata         0x08003cf8      0x9dc
                0x08003cf8                . = ALIGN (0x4)
 *(.rodata)
 .rodata        0x08003cf8       0x20 Drivers/STM32F3xx_HAL_Driver/Src/stm32f3xx_hal_rcc.o
                0x08003cf8                aPLLMULFactorTable
                0x08003d08                aPredivFactorTable
 .rodata        0x08003d18      0x60e Src/lcd5110.o
                0x08004318                lcd5110_def_scr
 *fill*         0x08004326        0x2 
 .rodata        0x08004328       0x18 Src/system_stm32f3xx.o
                0x08004328                AHBPrescTable
                0x08004338                APBPrescTable
 *(.rodata*)
 .rodata.str1.4
                0x08004340       0x3b Drivers/STM32F3xx_HAL_Driver/Src/stm32f3xx_hal_cortex.o
 *fill*         0x0800437b        0x1 
 .rodata.str1.4
                0x0800437c       0x39 Drivers/STM32F3xx_HAL_Driver/Src/stm32f3xx_hal_gpio.o
 *fill*         0x080043b5        0x3 
 .rodata.str1.4
                0x080043b8       0x38 Drivers/STM32F3xx_HAL_Driver/Src/stm32f3xx_hal_i2c.o
 .rodata.str1.4
                0x080043f0       0x3b Drivers/STM32F3xx_HAL_Driver/Src/stm32f3xx_hal_i2c_ex.o
 *fill*         0x0800442b        0x1 
 .rodata.str1.4
                0x0800442c       0x38 Drivers/STM32F3xx_HAL_Driver/Src/stm32f3xx_hal_rcc.o
 .rodata.str1.4
                0x08004464       0x3b Drivers/STM32F3xx_HAL_Driver/Src/stm32f3xx_hal_rcc_ex.o
 *fill*         0x0800449f        0x1 
 .rodata.str1.4
                0x080044a0       0x38 Drivers/STM32F3xx_HAL_Driver/Src/stm32f3xx_hal_spi.o
 .rodata.str1.4
                0x080044d8        0xd Src/i2c.o
 *fill*         0x080044e5        0x3 
 .rodata.str1.4
                0x080044e8       0xce Src/main.o
 *fill*         0x080045b6        0x2 
 .rodata.str1.4
                0x080045b8       0x10 Src/spi.o
                                  0xd (size before relaxing)
 .rodata.str1.1
                0x080045c8        0xa c:/ac6/systemworkbench/plugins/fr.ac6.mcu.externaltools.arm-none.win32_1.13.2.201703061525/tools/compiler/bin/../lib/gcc/arm-none-eabi/5.4.1/../../../../arm-none-eabi/lib/armv7e-m/fpu\libc_nano.a(lib_a-locale.o)
                                  0xb (size before relaxing)
 .rodata._ctype_
                0x080045d2      0x101 c:/ac6/systemworkbench/plugins/fr.ac6.mcu.externaltools.arm-none.win32_1.13.2.201703061525/tools/compiler/bin/../lib/gcc/arm-none-eabi/5.4.1/../../../../arm-none-eabi/lib/armv7e-m/fpu\libc_nano.a(lib_a-ctype_.o)
                0x080045d2                _ctype_
                0x080046d4                . = ALIGN (0x4)
 *fill*         0x080046d3        0x1 

.rel.dyn        0x080046d4        0x0
 .rel.iplt      0x080046d4        0x0 c:/ac6/systemworkbench/plugins/fr.ac6.mcu.externaltools.arm-none.win32_1.13.2.201703061525/tools/compiler/bin/../lib/gcc/arm-none-eabi/5.4.1/armv7e-m/fpu/crtbegin.o

.ARM.extab
 *(.ARM.extab* .gnu.linkonce.armextab.*)

.ARM            0x080046d4        0x0
                0x080046d4                __exidx_start = .
 *(.ARM.exidx*)
                0x080046d4                __exidx_end = .

.preinit_array  0x080046d4        0x0
                0x080046d4                PROVIDE (__preinit_array_start, .)
 *(.preinit_array*)
                0x080046d4                PROVIDE (__preinit_array_end, .)

.init_array     0x080046d4        0x4
                0x080046d4                PROVIDE (__init_array_start, .)
 *(SORT(.init_array.*))
 *(.init_array*)
 .init_array    0x080046d4        0x4 c:/ac6/systemworkbench/plugins/fr.ac6.mcu.externaltools.arm-none.win32_1.13.2.201703061525/tools/compiler/bin/../lib/gcc/arm-none-eabi/5.4.1/armv7e-m/fpu/crtbegin.o
                0x080046d8                PROVIDE (__init_array_end, .)

.fini_array     0x080046d8        0x4
                [!provide]                PROVIDE (__fini_array_start, .)
 *(SORT(.fini_array.*))
 *(.fini_array*)
 .fini_array    0x080046d8        0x4 c:/ac6/systemworkbench/plugins/fr.ac6.mcu.externaltools.arm-none.win32_1.13.2.201703061525/tools/compiler/bin/../lib/gcc/arm-none-eabi/5.4.1/armv7e-m/fpu/crtbegin.o
                [!provide]                PROVIDE (__fini_array_end, .)
                0x080046dc                _sidata = LOADADDR (.data)

.data           0x20000000      0x1d4 load address 0x080046dc
                0x20000000                . = ALIGN (0x4)
                0x20000000                _sdata = .
 *(.data)
 .data          0x20000000        0x4 Src/system_stm32f3xx.o
                0x20000000                SystemCoreClock
 *(.data*)
 .data.impure_data
                0x20000004       0x60 c:/ac6/systemworkbench/plugins/fr.ac6.mcu.externaltools.arm-none.win32_1.13.2.201703061525/tools/compiler/bin/../lib/gcc/arm-none-eabi/5.4.1/../../../../arm-none-eabi/lib/armv7e-m/fpu\libc_nano.a(lib_a-impure.o)
 .data._impure_ptr
                0x20000064        0x4 c:/ac6/systemworkbench/plugins/fr.ac6.mcu.externaltools.arm-none.win32_1.13.2.201703061525/tools/compiler/bin/../lib/gcc/arm-none-eabi/5.4.1/../../../../arm-none-eabi/lib/armv7e-m/fpu\libc_nano.a(lib_a-impure.o)
                0x20000064                _impure_ptr
 .data.__global_locale
                0x20000068      0x16c c:/ac6/systemworkbench/plugins/fr.ac6.mcu.externaltools.arm-none.win32_1.13.2.201703061525/tools/compiler/bin/../lib/gcc/arm-none-eabi/5.4.1/../../../../arm-none-eabi/lib/armv7e-m/fpu\libc_nano.a(lib_a-locale.o)
                0x20000068                __global_locale
                0x200001d4                . = ALIGN (0x4)
                0x200001d4                _edata = .
                0x080048b0                _siccmram = LOADADDR (.ccmram)

.jcr            0x200001d4        0x0 load address 0x080048b0
 .jcr           0x200001d4        0x0 c:/ac6/systemworkbench/plugins/fr.ac6.mcu.externaltools.arm-none.win32_1.13.2.201703061525/tools/compiler/bin/../lib/gcc/arm-none-eabi/5.4.1/armv7e-m/fpu/crtbegin.o

.igot.plt       0x200001d4        0x0 load address 0x080048b0
 .igot.plt      0x200001d4        0x0 c:/ac6/systemworkbench/plugins/fr.ac6.mcu.externaltools.arm-none.win32_1.13.2.201703061525/tools/compiler/bin/../lib/gcc/arm-none-eabi/5.4.1/armv7e-m/fpu/crtbegin.o

.ccmram         0x10000000        0x0 load address 0x080048b0
                0x10000000                . = ALIGN (0x4)
                0x10000000                _sccmram = .
 *(.ccmram)
 *(.ccmram*)
                0x10000000                . = ALIGN (0x4)
                0x10000000                _eccmram = .
                0x10000000                . = ALIGN (0x4)

.bss            0x200001d4      0x2f4
                0x200001d4                _sbss = .
                0x200001d4                __bss_start__ = _sbss
 *(.bss)
 .bss           0x200001d4       0x1c c:/ac6/systemworkbench/plugins/fr.ac6.mcu.externaltools.arm-none.win32_1.13.2.201703061525/tools/compiler/bin/../lib/gcc/arm-none-eabi/5.4.1/armv7e-m/fpu/crtbegin.o
 *(.bss*)
 *(COMMON)
 COMMON         0x200001f0        0x4 Drivers/STM32F3xx_HAL_Driver/Src/stm32f3xx_hal.o
                0x200001f0                uwTick
 COMMON         0x200001f4       0x4c Src/i2c.o
                0x200001f4                hi2c2
 COMMON         0x20000240      0x224 Src/main.o
                0x20000240                lcd1
 COMMON         0x20000464       0x64 Src/spi.o
                0x20000464                hspi2
                0x200004c8                . = ALIGN (0x4)
                0x200004c8                _ebss = .
                0x200004c8                __bss_end__ = _ebss

._user_heap_stack
                0x200004c8      0x600
                0x200004c8                . = ALIGN (0x8)
                0x200004c8                PROVIDE (end, .)
                [!provide]                PROVIDE (_end, .)
                0x200006c8                . = (. + _Min_Heap_Size)
 *fill*         0x200004c8      0x200 
                0x20000ac8                . = (. + _Min_Stack_Size)
 *fill*         0x200006c8      0x400 
                0x20000ac8                . = ALIGN (0x8)

/DISCARD/
 libc.a(*)
 libm.a(*)
 libgcc.a(*)

.ARM.attributes
                0x00000000       0x30
 *(.ARM.attributes)
 .ARM.attributes
                0x00000000       0x22 c:/ac6/systemworkbench/plugins/fr.ac6.mcu.externaltools.arm-none.win32_1.13.2.201703061525/tools/compiler/bin/../lib/gcc/arm-none-eabi/5.4.1/armv7e-m/fpu/crti.o
 .ARM.attributes
                0x00000022       0x34 c:/ac6/systemworkbench/plugins/fr.ac6.mcu.externaltools.arm-none.win32_1.13.2.201703061525/tools/compiler/bin/../lib/gcc/arm-none-eabi/5.4.1/armv7e-m/fpu/crtbegin.o
 .ARM.attributes
                0x00000056       0x39 Drivers/STM32F3xx_HAL_Driver/Src/stm32f3xx_hal.o
 .ARM.attributes
                0x0000008f       0x39 Drivers/STM32F3xx_HAL_Driver/Src/stm32f3xx_hal_cortex.o
 .ARM.attributes
                0x000000c8       0x39 Drivers/STM32F3xx_HAL_Driver/Src/stm32f3xx_hal_gpio.o
 .ARM.attributes
                0x00000101       0x39 Drivers/STM32F3xx_HAL_Driver/Src/stm32f3xx_hal_i2c.o
 .ARM.attributes
                0x0000013a       0x39 Drivers/STM32F3xx_HAL_Driver/Src/stm32f3xx_hal_i2c_ex.o
 .ARM.attributes
                0x00000173       0x39 Drivers/STM32F3xx_HAL_Driver/Src/stm32f3xx_hal_rcc.o
 .ARM.attributes
                0x000001ac       0x39 Drivers/STM32F3xx_HAL_Driver/Src/stm32f3xx_hal_rcc_ex.o
 .ARM.attributes
                0x000001e5       0x39 Drivers/STM32F3xx_HAL_Driver/Src/stm32f3xx_hal_spi.o
 .ARM.attributes
                0x0000021e       0x39 Src/gpio.o
 .ARM.attributes
                0x00000257       0x39 Src/i2c.o
 .ARM.attributes
                0x00000290       0x39 Src/lcd5110.o
 .ARM.attributes
                0x000002c9       0x39 Src/lcd5110_hal.o
 .ARM.attributes
                0x00000302       0x39 Src/lcd5110_ll.o
 .ARM.attributes
                0x0000033b       0x39 Src/main.o
 .ARM.attributes
                0x00000374       0x39 Src/spi.o
 .ARM.attributes
                0x000003ad       0x39 Src/stm32f3xx_hal_msp.o
 .ARM.attributes
                0x000003e6       0x39 Src/stm32f3xx_it.o
 .ARM.attributes
                0x0000041f       0x39 Src/system_stm32f3xx.o
 .ARM.attributes
                0x00000458       0x21 startup/startup_stm32f303xc.o
 .ARM.attributes
                0x00000479       0x34 c:/ac6/systemworkbench/plugins/fr.ac6.mcu.externaltools.arm-none.win32_1.13.2.201703061525/tools/compiler/bin/../lib/gcc/arm-none-eabi/5.4.1/../../../../arm-none-eabi/lib/armv7e-m/fpu\libc_nano.a(lib_a-impure.o)
 .ARM.attributes
                0x000004ad       0x34 c:/ac6/systemworkbench/plugins/fr.ac6.mcu.externaltools.arm-none.win32_1.13.2.201703061525/tools/compiler/bin/../lib/gcc/arm-none-eabi/5.4.1/../../../../arm-none-eabi/lib/armv7e-m/fpu\libc_nano.a(lib_a-init.o)
 .ARM.attributes
                0x000004e1       0x34 c:/ac6/systemworkbench/plugins/fr.ac6.mcu.externaltools.arm-none.win32_1.13.2.201703061525/tools/compiler/bin/../lib/gcc/arm-none-eabi/5.4.1/../../../../arm-none-eabi/lib/armv7e-m/fpu\libc_nano.a(lib_a-locale.o)
 .ARM.attributes
                0x00000515       0x34 c:/ac6/systemworkbench/plugins/fr.ac6.mcu.externaltools.arm-none.win32_1.13.2.201703061525/tools/compiler/bin/../lib/gcc/arm-none-eabi/5.4.1/../../../../arm-none-eabi/lib/armv7e-m/fpu\libc_nano.a(lib_a-mbtowc_r.o)
 .ARM.attributes
                0x00000549       0x34 c:/ac6/systemworkbench/plugins/fr.ac6.mcu.externaltools.arm-none.win32_1.13.2.201703061525/tools/compiler/bin/../lib/gcc/arm-none-eabi/5.4.1/../../../../arm-none-eabi/lib/armv7e-m/fpu\libc_nano.a(lib_a-wctomb_r.o)
 .ARM.attributes
                0x0000057d       0x34 c:/ac6/systemworkbench/plugins/fr.ac6.mcu.externaltools.arm-none.win32_1.13.2.201703061525/tools/compiler/bin/../lib/gcc/arm-none-eabi/5.4.1/../../../../arm-none-eabi/lib/armv7e-m/fpu\libc_nano.a(lib_a-ctype_.o)
 .ARM.attributes
                0x000005b1       0x22 c:/ac6/systemworkbench/plugins/fr.ac6.mcu.externaltools.arm-none.win32_1.13.2.201703061525/tools/compiler/bin/../lib/gcc/arm-none-eabi/5.4.1/armv7e-m/fpu/crtn.o
OUTPUT(Nokia_5110_lcd_with_stm32f3dicovery.elf elf32-littlearm)

.debug_info     0x00000000    0x14ec3
 .debug_info    0x00000000      0x700 Drivers/STM32F3xx_HAL_Driver/Src/stm32f3xx_hal.o
 .debug_info    0x00000700     0x1092 Drivers/STM32F3xx_HAL_Driver/Src/stm32f3xx_hal_cortex.o
 .debug_info    0x00001792      0x84b Drivers/STM32F3xx_HAL_Driver/Src/stm32f3xx_hal_gpio.o
 .debug_info    0x00001fdd     0x33e8 Drivers/STM32F3xx_HAL_Driver/Src/stm32f3xx_hal_i2c.o
 .debug_info    0x000053c5      0x935 Drivers/STM32F3xx_HAL_Driver/Src/stm32f3xx_hal_i2c_ex.o
 .debug_info    0x00005cfa     0x1662 Drivers/STM32F3xx_HAL_Driver/Src/stm32f3xx_hal_rcc.o
 .debug_info    0x0000735c      0x909 Drivers/STM32F3xx_HAL_Driver/Src/stm32f3xx_hal_rcc_ex.o
 .debug_info    0x00007c65     0x2017 Drivers/STM32F3xx_HAL_Driver/Src/stm32f3xx_hal_spi.o
 .debug_info    0x00009c7c      0x478 Src/gpio.o
 .debug_info    0x0000a0f4      0x94f Src/i2c.o
 .debug_info    0x0000aa43     0x18ba Src/lcd5110.o
 .debug_info    0x0000c2fd      0xb1a Src/lcd5110_hal.o
 .debug_info    0x0000ce17     0x11a7 Src/lcd5110_ll.o
 .debug_info    0x0000dfbe     0x5bb1 Src/main.o
 .debug_info    0x00013b6f      0x8d0 Src/spi.o
 .debug_info    0x0001443f      0x47f Src/stm32f3xx_hal_msp.o
 .debug_info    0x000148be      0x174 Src/stm32f3xx_it.o
 .debug_info    0x00014a32      0x404 Src/system_stm32f3xx.o
 .debug_info    0x00014e36       0x8d startup/startup_stm32f303xc.o

.debug_abbrev   0x00000000     0x24ae
 .debug_abbrev  0x00000000      0x1c1 Drivers/STM32F3xx_HAL_Driver/Src/stm32f3xx_hal.o
 .debug_abbrev  0x000001c1      0x2f9 Drivers/STM32F3xx_HAL_Driver/Src/stm32f3xx_hal_cortex.o
 .debug_abbrev  0x000004ba      0x204 Drivers/STM32F3xx_HAL_Driver/Src/stm32f3xx_hal_gpio.o
 .debug_abbrev  0x000006be      0x215 Drivers/STM32F3xx_HAL_Driver/Src/stm32f3xx_hal_i2c.o
 .debug_abbrev  0x000008d3      0x1bc Drivers/STM32F3xx_HAL_Driver/Src/stm32f3xx_hal_i2c_ex.o
 .debug_abbrev  0x00000a8f      0x281 Drivers/STM32F3xx_HAL_Driver/Src/stm32f3xx_hal_rcc.o
 .debug_abbrev  0x00000d10      0x268 Drivers/STM32F3xx_HAL_Driver/Src/stm32f3xx_hal_rcc_ex.o
 .debug_abbrev  0x00000f78      0x22c Drivers/STM32F3xx_HAL_Driver/Src/stm32f3xx_hal_spi.o
 .debug_abbrev  0x000011a4      0x148 Src/gpio.o
 .debug_abbrev  0x000012ec      0x1b3 Src/i2c.o
 .debug_abbrev  0x0000149f      0x3b8 Src/lcd5110.o
 .debug_abbrev  0x00001857      0x205 Src/lcd5110_hal.o
 .debug_abbrev  0x00001a5c      0x2ba Src/lcd5110_ll.o
 .debug_abbrev  0x00001d16      0x30b Src/main.o
 .debug_abbrev  0x00002021      0x1a8 Src/spi.o
 .debug_abbrev  0x000021c9      0x114 Src/stm32f3xx_hal_msp.o
 .debug_abbrev  0x000022dd       0xbb Src/stm32f3xx_it.o
 .debug_abbrev  0x00002398      0x104 Src/system_stm32f3xx.o
 .debug_abbrev  0x0000249c       0x12 startup/startup_stm32f303xc.o

.debug_loc      0x00000000     0x90fc
 .debug_loc     0x00000000       0x4b Drivers/STM32F3xx_HAL_Driver/Src/stm32f3xx_hal.o
 .debug_loc     0x0000004b      0x5d9 Drivers/STM32F3xx_HAL_Driver/Src/stm32f3xx_hal_cortex.o
 .debug_loc     0x00000624      0x464 Drivers/STM32F3xx_HAL_Driver/Src/stm32f3xx_hal_gpio.o
 .debug_loc     0x00000a88     0x3015 Drivers/STM32F3xx_HAL_Driver/Src/stm32f3xx_hal_i2c.o
 .debug_loc     0x00003a9d      0x1c8 Drivers/STM32F3xx_HAL_Driver/Src/stm32f3xx_hal_i2c_ex.o
 .debug_loc     0x00003c65      0x997 Drivers/STM32F3xx_HAL_Driver/Src/stm32f3xx_hal_rcc.o
 .debug_loc     0x000045fc      0x857 Drivers/STM32F3xx_HAL_Driver/Src/stm32f3xx_hal_rcc_ex.o
 .debug_loc     0x00004e53     0x15f0 Drivers/STM32F3xx_HAL_Driver/Src/stm32f3xx_hal_spi.o
 .debug_loc     0x00006443       0x4d Src/i2c.o
 .debug_loc     0x00006490      0xd0d Src/lcd5110.o
 .debug_loc     0x0000719d      0x520 Src/lcd5110_hal.o
 .debug_loc     0x000076bd      0x6e7 Src/lcd5110_ll.o
 .debug_loc     0x00007da4     0x120c Src/main.o
 .debug_loc     0x00008fb0       0x4d Src/spi.o
 .debug_loc     0x00008ffd       0xff Src/system_stm32f3xx.o

.debug_aranges  0x00000000      0xa48
 .debug_aranges
                0x00000000       0xb0 Drivers/STM32F3xx_HAL_Driver/Src/stm32f3xx_hal.o
 .debug_aranges
                0x000000b0       0xa8 Drivers/STM32F3xx_HAL_Driver/Src/stm32f3xx_hal_cortex.o
 .debug_aranges
                0x00000158       0x58 Drivers/STM32F3xx_HAL_Driver/Src/stm32f3xx_hal_gpio.o
 .debug_aranges
                0x000001b0      0x260 Drivers/STM32F3xx_HAL_Driver/Src/stm32f3xx_hal_i2c.o
 .debug_aranges
                0x00000410       0x48 Drivers/STM32F3xx_HAL_Driver/Src/stm32f3xx_hal_i2c_ex.o
 .debug_aranges
                0x00000458       0x88 Drivers/STM32F3xx_HAL_Driver/Src/stm32f3xx_hal_rcc.o
 .debug_aranges
                0x000004e0       0x38 Drivers/STM32F3xx_HAL_Driver/Src/stm32f3xx_hal_rcc_ex.o
 .debug_aranges
                0x00000518      0x1d8 Drivers/STM32F3xx_HAL_Driver/Src/stm32f3xx_hal_spi.o
 .debug_aranges
                0x000006f0       0x20 Src/gpio.o
 .debug_aranges
                0x00000710       0x30 Src/i2c.o
 .debug_aranges
                0x00000740       0xc8 Src/lcd5110.o
 .debug_aranges
                0x00000808       0x58 Src/lcd5110_hal.o
 .debug_aranges
                0x00000860       0x68 Src/lcd5110_ll.o
 .debug_aranges
                0x000008c8       0x80 Src/main.o
 .debug_aranges
                0x00000948       0x30 Src/spi.o
 .debug_aranges
                0x00000978       0x20 Src/stm32f3xx_hal_msp.o
 .debug_aranges
                0x00000998       0x60 Src/stm32f3xx_it.o
 .debug_aranges
                0x000009f8       0x28 Src/system_stm32f3xx.o
 .debug_aranges
                0x00000a20       0x28 startup/startup_stm32f303xc.o

.debug_ranges   0x00000000      0x980
 .debug_ranges  0x00000000       0xa0 Drivers/STM32F3xx_HAL_Driver/Src/stm32f3xx_hal.o
 .debug_ranges  0x000000a0       0x98 Drivers/STM32F3xx_HAL_Driver/Src/stm32f3xx_hal_cortex.o
 .debug_ranges  0x00000138       0x48 Drivers/STM32F3xx_HAL_Driver/Src/stm32f3xx_hal_gpio.o
 .debug_ranges  0x00000180      0x250 Drivers/STM32F3xx_HAL_Driver/Src/stm32f3xx_hal_i2c.o
 .debug_ranges  0x000003d0       0x38 Drivers/STM32F3xx_HAL_Driver/Src/stm32f3xx_hal_i2c_ex.o
 .debug_ranges  0x00000408       0x90 Drivers/STM32F3xx_HAL_Driver/Src/stm32f3xx_hal_rcc.o
 .debug_ranges  0x00000498       0x40 Drivers/STM32F3xx_HAL_Driver/Src/stm32f3xx_hal_rcc_ex.o
 .debug_ranges  0x000004d8      0x1c8 Drivers/STM32F3xx_HAL_Driver/Src/stm32f3xx_hal_spi.o
 .debug_ranges  0x000006a0       0x10 Src/gpio.o
 .debug_ranges  0x000006b0       0x20 Src/i2c.o
 .debug_ranges  0x000006d0       0xb8 Src/lcd5110.o
 .debug_ranges  0x00000788       0x78 Src/lcd5110_hal.o
 .debug_ranges  0x00000800       0x58 Src/lcd5110_ll.o
 .debug_ranges  0x00000858       0x70 Src/main.o
 .debug_ranges  0x000008c8       0x20 Src/spi.o
 .debug_ranges  0x000008e8       0x10 Src/stm32f3xx_hal_msp.o
 .debug_ranges  0x000008f8       0x50 Src/stm32f3xx_it.o
 .debug_ranges  0x00000948       0x18 Src/system_stm32f3xx.o
 .debug_ranges  0x00000960       0x20 startup/startup_stm32f303xc.o

.debug_macro    0x00000000    0x1ea77
 .debug_macro   0x00000000      0x323 Drivers/STM32F3xx_HAL_Driver/Src/stm32f3xx_hal.o
 .debug_macro   0x00000323      0x898 Drivers/STM32F3xx_HAL_Driver/Src/stm32f3xx_hal.o
 .debug_macro   0x00000bbb      0x13c Drivers/STM32F3xx_HAL_Driver/Src/stm32f3xx_hal.o
 .debug_macro   0x00000cf7       0xa6 Drivers/STM32F3xx_HAL_Driver/Src/stm32f3xx_hal.o
 .debug_macro   0x00000d9d       0x31 Drivers/STM32F3xx_HAL_Driver/Src/stm32f3xx_hal.o
 .debug_macro   0x00000dce       0x28 Drivers/STM32F3xx_HAL_Driver/Src/stm32f3xx_hal.o
 .debug_macro   0x00000df6       0x22 Drivers/STM32F3xx_HAL_Driver/Src/stm32f3xx_hal.o
 .debug_macro   0x00000e18       0x87 Drivers/STM32F3xx_HAL_Driver/Src/stm32f3xx_hal.o
 .debug_macro   0x00000e9f       0x44 Drivers/STM32F3xx_HAL_Driver/Src/stm32f3xx_hal.o
 .debug_macro   0x00000ee3       0xfd Drivers/STM32F3xx_HAL_Driver/Src/stm32f3xx_hal.o
 .debug_macro   0x00000fe0       0x5e Drivers/STM32F3xx_HAL_Driver/Src/stm32f3xx_hal.o
 .debug_macro   0x0000103e      0x1df Drivers/STM32F3xx_HAL_Driver/Src/stm32f3xx_hal.o
 .debug_macro   0x0000121d       0x35 Drivers/STM32F3xx_HAL_Driver/Src/stm32f3xx_hal.o
 .debug_macro   0x00001252       0x50 Drivers/STM32F3xx_HAL_Driver/Src/stm32f3xx_hal.o
 .debug_macro   0x000012a2      0xe66 Drivers/STM32F3xx_HAL_Driver/Src/stm32f3xx_hal.o
 .debug_macro   0x00002108    0x12a2c Drivers/STM32F3xx_HAL_Driver/Src/stm32f3xx_hal.o
 .debug_macro   0x00014b34       0x43 Drivers/STM32F3xx_HAL_Driver/Src/stm32f3xx_hal.o
 .debug_macro   0x00014b77     0x3439 Drivers/STM32F3xx_HAL_Driver/Src/stm32f3xx_hal.o
 .debug_macro   0x00017fb0       0x52 Drivers/STM32F3xx_HAL_Driver/Src/stm32f3xx_hal.o
 .debug_macro   0x00018002       0x35 Drivers/STM32F3xx_HAL_Driver/Src/stm32f3xx_hal.o
 .debug_macro   0x00018037       0x9c Drivers/STM32F3xx_HAL_Driver/Src/stm32f3xx_hal.o
 .debug_macro   0x000180d3       0x16 Drivers/STM32F3xx_HAL_Driver/Src/stm32f3xx_hal.o
 .debug_macro   0x000180e9       0x97 Drivers/STM32F3xx_HAL_Driver/Src/stm32f3xx_hal.o
 .debug_macro   0x00018180      0x30d Drivers/STM32F3xx_HAL_Driver/Src/stm32f3xx_hal.o
 .debug_macro   0x0001848d       0xfd Drivers/STM32F3xx_HAL_Driver/Src/stm32f3xx_hal.o
 .debug_macro   0x0001858a       0x10 Drivers/STM32F3xx_HAL_Driver/Src/stm32f3xx_hal.o
 .debug_macro   0x0001859a       0x52 Drivers/STM32F3xx_HAL_Driver/Src/stm32f3xx_hal.o
 .debug_macro   0x000185ec       0x1f Drivers/STM32F3xx_HAL_Driver/Src/stm32f3xx_hal.o
 .debug_macro   0x0001860b       0x43 Drivers/STM32F3xx_HAL_Driver/Src/stm32f3xx_hal.o
 .debug_macro   0x0001864e       0x20 Drivers/STM32F3xx_HAL_Driver/Src/stm32f3xx_hal.o
 .debug_macro   0x0001866e      0x187 Drivers/STM32F3xx_HAL_Driver/Src/stm32f3xx_hal.o
 .debug_macro   0x000187f5       0x10 Drivers/STM32F3xx_HAL_Driver/Src/stm32f3xx_hal.o
 .debug_macro   0x00018805       0x1c Drivers/STM32F3xx_HAL_Driver/Src/stm32f3xx_hal.o
 .debug_macro   0x00018821       0x52 Drivers/STM32F3xx_HAL_Driver/Src/stm32f3xx_hal.o
 .debug_macro   0x00018873       0x40 Drivers/STM32F3xx_HAL_Driver/Src/stm32f3xx_hal.o
 .debug_macro   0x000188b3       0x10 Drivers/STM32F3xx_HAL_Driver/Src/stm32f3xx_hal.o
 .debug_macro   0x000188c3       0x40 Drivers/STM32F3xx_HAL_Driver/Src/stm32f3xx_hal.o
 .debug_macro   0x00018903       0xd7 Drivers/STM32F3xx_HAL_Driver/Src/stm32f3xx_hal.o
 .debug_macro   0x000189da       0x16 Drivers/STM32F3xx_HAL_Driver/Src/stm32f3xx_hal.o
 .debug_macro   0x000189f0      0x18b Drivers/STM32F3xx_HAL_Driver/Src/stm32f3xx_hal.o
 .debug_macro   0x00018b7b       0x49 Drivers/STM32F3xx_HAL_Driver/Src/stm32f3xx_hal.o
 .debug_macro   0x00018bc4      0x969 Drivers/STM32F3xx_HAL_Driver/Src/stm32f3xx_hal.o
 .debug_macro   0x0001952d      0x5fe Drivers/STM32F3xx_HAL_Driver/Src/stm32f3xx_hal.o
 .debug_macro   0x00019b2b      0x13a Drivers/STM32F3xx_HAL_Driver/Src/stm32f3xx_hal.o
 .debug_macro   0x00019c65      0x1fb Drivers/STM32F3xx_HAL_Driver/Src/stm32f3xx_hal.o
 .debug_macro   0x00019e60      0x1bc Drivers/STM32F3xx_HAL_Driver/Src/stm32f3xx_hal.o
 .debug_macro   0x0001a01c       0x31 Drivers/STM32F3xx_HAL_Driver/Src/stm32f3xx_hal.o
 .debug_macro   0x0001a04d       0x3c Drivers/STM32F3xx_HAL_Driver/Src/stm32f3xx_hal.o
 .debug_macro   0x0001a089      0x23a Drivers/STM32F3xx_HAL_Driver/Src/stm32f3xx_hal.o
 .debug_macro   0x0001a2c3       0xcb Drivers/STM32F3xx_HAL_Driver/Src/stm32f3xx_hal.o
 .debug_macro   0x0001a38e      0x22b Drivers/STM32F3xx_HAL_Driver/Src/stm32f3xx_hal.o
 .debug_macro   0x0001a5b9      0x202 Drivers/STM32F3xx_HAL_Driver/Src/stm32f3xx_hal.o
 .debug_macro   0x0001a7bb       0x5b Drivers/STM32F3xx_HAL_Driver/Src/stm32f3xx_hal.o
 .debug_macro   0x0001a816       0x90 Drivers/STM32F3xx_HAL_Driver/Src/stm32f3xx_hal.o
 .debug_macro   0x0001a8a6       0x82 Drivers/STM32F3xx_HAL_Driver/Src/stm32f3xx_hal.o
 .debug_macro   0x0001a928       0xd4 Drivers/STM32F3xx_HAL_Driver/Src/stm32f3xx_hal.o
 .debug_macro   0x0001a9fc      0x2e9 Drivers/STM32F3xx_HAL_Driver/Src/stm32f3xx_hal.o
 .debug_macro   0x0001ace5      0x26e Drivers/STM32F3xx_HAL_Driver/Src/stm32f3xx_hal.o
 .debug_macro   0x0001af53      0x2ff Drivers/STM32F3xx_HAL_Driver/Src/stm32f3xx_hal_cortex.o
 .debug_macro   0x0001b252      0x337 Drivers/STM32F3xx_HAL_Driver/Src/stm32f3xx_hal_gpio.o
 .debug_macro   0x0001b589      0x3cb Drivers/STM32F3xx_HAL_Driver/Src/stm32f3xx_hal_i2c.o
 .debug_macro   0x0001b954      0x2ff Drivers/STM32F3xx_HAL_Driver/Src/stm32f3xx_hal_i2c_ex.o
 .debug_macro   0x0001bc53      0x323 Drivers/STM32F3xx_HAL_Driver/Src/stm32f3xx_hal_rcc.o
 .debug_macro   0x0001bf76      0x2ff Drivers/STM32F3xx_HAL_Driver/Src/stm32f3xx_hal_rcc_ex.o
 .debug_macro   0x0001c275      0x307 Drivers/STM32F3xx_HAL_Driver/Src/stm32f3xx_hal_spi.o
 .debug_macro   0x0001c57c      0x309 Src/gpio.o
 .debug_macro   0x0001c885      0x313 Src/i2c.o
 .debug_macro   0x0001cb98      0x3a5 Src/lcd5110.o
 .debug_macro   0x0001cf3d       0x22 Src/lcd5110.o
 .debug_macro   0x0001cf5f       0x3b Src/lcd5110.o
 .debug_macro   0x0001cf9a       0x28 Src/lcd5110.o
 .debug_macro   0x0001cfc2       0x2b Src/lcd5110.o
 .debug_macro   0x0001cfed      0x118 Src/lcd5110.o
 .debug_macro   0x0001d105      0x1e1 Src/lcd5110.o
 .debug_macro   0x0001d2e6      0x10b Src/lcd5110.o
 .debug_macro   0x0001d3f1       0x4c Src/lcd5110.o
 .debug_macro   0x0001d43d      0x335 Src/lcd5110_hal.o
 .debug_macro   0x0001d772      0x390 Src/lcd5110_ll.o
 .debug_macro   0x0001db02      0x355 Src/main.o
 .debug_macro   0x0001de57      0x313 Src/spi.o
 .debug_macro   0x0001e16a      0x2ff Src/stm32f3xx_hal_msp.o
 .debug_macro   0x0001e469      0x309 Src/stm32f3xx_it.o
 .debug_macro   0x0001e772      0x305 Src/system_stm32f3xx.o

.debug_line     0x00000000     0xd09d
 .debug_line    0x00000000      0x96e Drivers/STM32F3xx_HAL_Driver/Src/stm32f3xx_hal.o
 .debug_line    0x0000096e      0xa90 Drivers/STM32F3xx_HAL_Driver/Src/stm32f3xx_hal_cortex.o
 .debug_line    0x000013fe      0xa7c Drivers/STM32F3xx_HAL_Driver/Src/stm32f3xx_hal_gpio.o
 .debug_line    0x00001e7a     0x1989 Drivers/STM32F3xx_HAL_Driver/Src/stm32f3xx_hal_i2c.o
 .debug_line    0x00003803      0x9d0 Drivers/STM32F3xx_HAL_Driver/Src/stm32f3xx_hal_i2c_ex.o
 .debug_line    0x000041d3      0xe5a Drivers/STM32F3xx_HAL_Driver/Src/stm32f3xx_hal_rcc.o
 .debug_line    0x0000502d      0xbe5 Drivers/STM32F3xx_HAL_Driver/Src/stm32f3xx_hal_rcc_ex.o
 .debug_line    0x00005c12     0x13ed Drivers/STM32F3xx_HAL_Driver/Src/stm32f3xx_hal_spi.o
 .debug_line    0x00006fff      0x82a Src/gpio.o
 .debug_line    0x00007829      0x84f Src/i2c.o
 .debug_line    0x00008078      0xbe7 Src/lcd5110.o
 .debug_line    0x00008c5f      0x991 Src/lcd5110_hal.o
 .debug_line    0x000095f0      0x96a Src/lcd5110_ll.o
 .debug_line    0x00009f5a      0xf83 Src/main.o
 .debug_line    0x0000aedd      0x857 Src/spi.o
 .debug_line    0x0000b734      0x816 Src/stm32f3xx_hal_msp.o
 .debug_line    0x0000bf4a      0x89c Src/stm32f3xx_it.o
 .debug_line    0x0000c7e6      0x838 Src/system_stm32f3xx.o
 .debug_line    0x0000d01e       0x7f startup/startup_stm32f303xc.o

.debug_str      0x00000000    0xa7b1d
 .debug_str     0x00000000    0xa33cb Drivers/STM32F3xx_HAL_Driver/Src/stm32f3xx_hal.o
                              0xa3835 (size before relaxing)
 .debug_str     0x000a33cb      0x3f7 Drivers/STM32F3xx_HAL_Driver/Src/stm32f3xx_hal_cortex.o
                              0xa397a (size before relaxing)
 .debug_str     0x000a37c2      0x2ae Drivers/STM32F3xx_HAL_Driver/Src/stm32f3xx_hal_gpio.o
                              0xa333e (size before relaxing)
 .debug_str     0x000a3a70     0x1180 Drivers/STM32F3xx_HAL_Driver/Src/stm32f3xx_hal_i2c.o
                              0xa4264 (size before relaxing)
 .debug_str     0x000a4bf0       0xb8 Drivers/STM32F3xx_HAL_Driver/Src/stm32f3xx_hal_i2c_ex.o
                              0xa3609 (size before relaxing)
 .debug_str     0x000a4ca8      0x402 Drivers/STM32F3xx_HAL_Driver/Src/stm32f3xx_hal_rcc.o
                              0xa3574 (size before relaxing)
 .debug_str     0x000a50aa      0x22f Drivers/STM32F3xx_HAL_Driver/Src/stm32f3xx_hal_rcc_ex.o
                              0xa3362 (size before relaxing)
 .debug_str     0x000a52d9      0x733 Drivers/STM32F3xx_HAL_Driver/Src/stm32f3xx_hal_spi.o
                              0xa39bf (size before relaxing)
 .debug_str     0x000a5a0c       0x35 Src/gpio.o
                              0xa30de (size before relaxing)
 .debug_str     0x000a5a41       0x42 Src/i2c.o
                              0xa3608 (size before relaxing)
 .debug_str     0x000a5a83     0x190d Src/lcd5110.o
                              0xa4dc6 (size before relaxing)
 .debug_str     0x000a7390       0xa6 Src/lcd5110_hal.o
                              0xa3600 (size before relaxing)
 .debug_str     0x000a7436      0x47f Src/lcd5110_ll.o
                              0xa3a63 (size before relaxing)
 .debug_str     0x000a78b5      0x11a Src/main.o
                              0xa3f88 (size before relaxing)
 .debug_str     0x000a79cf       0x17 Src/spi.o
                              0xa3517 (size before relaxing)
 .debug_str     0x000a79e6       0x1b Src/stm32f3xx_hal_msp.o
                              0xa3487 (size before relaxing)
 .debug_str     0x000a7a01       0xb8 Src/stm32f3xx_it.o
                              0xa3069 (size before relaxing)
 .debug_str     0x000a7ab9       0x64 Src/system_stm32f3xx.o
                              0xa30ff (size before relaxing)

.comment        0x00000000       0x6e
 .comment       0x00000000       0x6e Drivers/STM32F3xx_HAL_Driver/Src/stm32f3xx_hal.o
                                 0x6f (size before relaxing)
 .comment       0x0000006e       0x6f Drivers/STM32F3xx_HAL_Driver/Src/stm32f3xx_hal_cortex.o
 .comment       0x0000006e       0x6f Drivers/STM32F3xx_HAL_Driver/Src/stm32f3xx_hal_gpio.o
 .comment       0x0000006e       0x6f Drivers/STM32F3xx_HAL_Driver/Src/stm32f3xx_hal_i2c.o
 .comment       0x0000006e       0x6f Drivers/STM32F3xx_HAL_Driver/Src/stm32f3xx_hal_i2c_ex.o
 .comment       0x0000006e       0x6f Drivers/STM32F3xx_HAL_Driver/Src/stm32f3xx_hal_rcc.o
 .comment       0x0000006e       0x6f Drivers/STM32F3xx_HAL_Driver/Src/stm32f3xx_hal_rcc_ex.o
 .comment       0x0000006e       0x6f Drivers/STM32F3xx_HAL_Driver/Src/stm32f3xx_hal_spi.o
 .comment       0x0000006e       0x6f Src/gpio.o
 .comment       0x0000006e       0x6f Src/i2c.o
 .comment       0x0000006e       0x6f Src/lcd5110.o
 .comment       0x0000006e       0x6f Src/lcd5110_hal.o
 .comment       0x0000006e       0x6f Src/lcd5110_ll.o
 .comment       0x0000006e       0x6f Src/main.o
 .comment       0x0000006e       0x6f Src/spi.o
 .comment       0x0000006e       0x6f Src/stm32f3xx_hal_msp.o
 .comment       0x0000006e       0x6f Src/stm32f3xx_it.o
 .comment       0x0000006e       0x6f Src/system_stm32f3xx.o

.debug_frame    0x00000000     0x1e50
 .debug_frame   0x00000000      0x168 Drivers/STM32F3xx_HAL_Driver/Src/stm32f3xx_hal.o
 .debug_frame   0x00000168      0x17c Drivers/STM32F3xx_HAL_Driver/Src/stm32f3xx_hal_cortex.o
 .debug_frame   0x000002e4       0xf8 Drivers/STM32F3xx_HAL_Driver/Src/stm32f3xx_hal_gpio.o
 .debug_frame   0x000003dc      0x830 Drivers/STM32F3xx_HAL_Driver/Src/stm32f3xx_hal_i2c.o
 .debug_frame   0x00000c0c       0xb8 Drivers/STM32F3xx_HAL_Driver/Src/stm32f3xx_hal_i2c_ex.o
 .debug_frame   0x00000cc4      0x160 Drivers/STM32F3xx_HAL_Driver/Src/stm32f3xx_hal_rcc.o
 .debug_frame   0x00000e24       0x7c Drivers/STM32F3xx_HAL_Driver/Src/stm32f3xx_hal_rcc_ex.o
 .debug_frame   0x00000ea0      0x5b0 Drivers/STM32F3xx_HAL_Driver/Src/stm32f3xx_hal_spi.o
 .debug_frame   0x00001450       0x38 Src/gpio.o
 .debug_frame   0x00001488       0x60 Src/i2c.o
 .debug_frame   0x000014e8      0x308 Src/lcd5110.o
 .debug_frame   0x000017f0       0xf0 Src/lcd5110_hal.o
 .debug_frame   0x000018e0      0x178 Src/lcd5110_ll.o
 .debug_frame   0x00001a58      0x154 Src/main.o
 .debug_frame   0x00001bac       0x6c Src/spi.o
 .debug_frame   0x00001c18       0x2c Src/stm32f3xx_hal_msp.o
 .debug_frame   0x00001c44       0xa8 Src/stm32f3xx_it.o
 .debug_frame   0x00001cec       0x30 Src/system_stm32f3xx.o
 .debug_frame   0x00001d1c       0x2c c:/ac6/systemworkbench/plugins/fr.ac6.mcu.externaltools.arm-none.win32_1.13.2.201703061525/tools/compiler/bin/../lib/gcc/arm-none-eabi/5.4.1/../../../../arm-none-eabi/lib/armv7e-m/fpu\libc_nano.a(lib_a-init.o)
 .debug_frame   0x00001d48       0x88 c:/ac6/systemworkbench/plugins/fr.ac6.mcu.externaltools.arm-none.win32_1.13.2.201703061525/tools/compiler/bin/../lib/gcc/arm-none-eabi/5.4.1/../../../../arm-none-eabi/lib/armv7e-m/fpu\libc_nano.a(lib_a-locale.o)
 .debug_frame   0x00001dd0       0x44 c:/ac6/systemworkbench/plugins/fr.ac6.mcu.externaltools.arm-none.win32_1.13.2.201703061525/tools/compiler/bin/../lib/gcc/arm-none-eabi/5.4.1/../../../../arm-none-eabi/lib/armv7e-m/fpu\libc_nano.a(lib_a-mbtowc_r.o)
 .debug_frame   0x00001e14       0x3c c:/ac6/systemworkbench/plugins/fr.ac6.mcu.externaltools.arm-none.win32_1.13.2.201703061525/tools/compiler/bin/../lib/gcc/arm-none-eabi/5.4.1/../../../../arm-none-eabi/lib/armv7e-m/fpu\libc_nano.a(lib_a-wctomb_r.o)
